[backblue.gif]
[fade.gif]
[index.html]
[localhost/klajdi/click/feed/index.html]
[localhost/klajdi/click/comments/feed/index.html]
[localhost/klajdi/click/wp-includes/js/jquery/jqueryb8ff.js]
[localhost/klajdi/click/wp-includes/js/jquery/jquery-migrate.min330a.js]
[localhost/klajdi/click/wp-content/themes/spicepress/js/bootstrap.min5010.js]
[localhost/klajdi/click/wp-content/themes/spicepress/js/menu/menu5010.js]
[localhost/klajdi/click/wp-content/themes/spicepress/js/page-scroll5010.js]
[localhost/klajdi/click/wp-content/themes/certify/js/menu/menu5010.js]
[localhost/klajdi/click/xmlrpc0db0.php]
[localhost/klajdi/click/wp-json/index.html]
[localhost/klajdi/click/wp-includes/wlwmanifest.xml]
[localhost/klajdi/click/wp-json/oembed/1.0/embed483b.json]
[localhost/klajdi/click/wp-json/oembed/1.0/embedc491]
[localhost/klajdi/click/wp-content/uploads/sites/7/2018/10/cropped-Click-1-32x32.gif]
[localhost/klajdi/click/wp-content/uploads/sites/7/2018/10/cropped-Click-1-192x192.gif]
[localhost/klajdi/click/wp-content/uploads/sites/7/2018/10/cropped-Click-1-180x180.gif]
[localhost/klajdi/click/wp-content/uploads/sites/7/2018/10/cropped-click.png]
[localhost/klajdi/click/wp-content/uploads/sites/7/2018/10/computer.png]
[localhost/klajdi/click/wp-content/plugins/spicebox/inc/spicepress/images/portfolio/item1.jpg]
[localhost/klajdi/click/wp-content/uploads/sites/7/2018/10/data-2.png]
[localhost/klajdi/click/wp-content/uploads/sites/7/2018/10/support-1.jpg]
[localhost/klajdi/click/wp-content/plugins/spicebox/inc/spicepress/images/testimonial/testimonial-bg.jpg]
[localhost/klajdi/click/wp-content/uploads/sites/7/2018/10/klajdi.jpg]
[localhost/klajdi/click/wp-includes/js/hoverIntent.minc245.js]
[localhost/klajdi/click/wp-content/plugins/megamenu/js/maxmegamenu16b9.js]
[localhost/klajdi/click/wp-includes/js/wp-embed.min5010.js]
[localhost/klajdi/click/wp-content/themes/spicepress/js/animation/animate5010.js]
[localhost/klajdi/click/wp-content/themes/spicepress/js/animation/wow.min5010.js]
[localhost/klajdi/click/index.html]
[localhost/klajdi/click/wp-includes/fonts/dashicons.eot]
[localhost/klajdi/click/wp-includes/css/dashicons.min5010.css]
[localhost/klajdi/click/wp-content/themes/spicepress/fonts/glyphicons-halflings-regular.eot]
[localhost/klajdi/click/wp-content/themes/spicepress/fonts/glyphicons-halflings-regular.woff2]
[localhost/klajdi/click/wp-content/themes/spicepress/fonts/glyphicons-halflings-regular.woff]
[localhost/klajdi/click/wp-content/themes/spicepress/fonts/glyphicons-halflings-regulard41d.eot]
[localhost/klajdi/click/wp-content/themes/spicepress/fonts/glyphicons-halflings-regular.ttf]
[localhost/klajdi/click/wp-content/themes/spicepress/css/bootstrap5010.css]
[localhost/klajdi/click/wp-content/themes/certify/style5010.css]
[localhost/klajdi/click/wp-content/themes/spicepress/images/slide-shadow.png]
[localhost/klajdi/click/wp-content/themes/spicepress/css/default5010.css]
[localhost/klajdi/click/wp-content/themes/spicepress/css/theme-menu5010.css]
[localhost/klajdi/click/wp-content/themes/spicepress/css/animate.min5010.css]
[localhost/klajdi/click/wp-content/plugins/elementor/assets/lib/font-awesome/fonts/fontawesome-webfont3e6e.eot]
[localhost/klajdi/click/wp-content/plugins/elementor/assets/lib/font-awesome/fonts/fontawesome-webfontd41d.eot]
[localhost/klajdi/click/wp-content/plugins/elementor/assets/lib/font-awesome/fonts/fontawesome-webfont3e6e.woff2]
[localhost/klajdi/click/wp-content/plugins/elementor/assets/lib/font-awesome/fonts/fontawesome-webfont3e6e.woff]
[localhost/klajdi/click/wp-content/plugins/elementor/assets/lib/font-awesome/fonts/fontawesome-webfont3e6e.ttf]
[localhost/klajdi/click/wp-content/plugins/elementor/assets/lib/font-awesome/css/font-awesome.min1849.css]
[localhost/klajdi/click/wp-content/themes/spicepress/css/media-responsive5010.css]
[localhost/klajdi/click/wp-content/themes/spicepress/css/owl.carousel5010.css]
[localhost/klajdi/click/wp-content/plugins/elementor/assets/lib/eicons/fonts/eicons1df9.eot]
[localhost/klajdi/click/wp-content/plugins/elementor/assets/lib/eicons/fonts/eicons1df9.woff2]
[localhost/klajdi/click/wp-content/plugins/elementor/assets/lib/eicons/fonts/eicons1df9.woff]
[localhost/klajdi/click/wp-content/plugins/elementor/assets/lib/eicons/fonts/eicons1df9.ttf]
[localhost/klajdi/click/wp-content/plugins/elementor/assets/lib/eicons/css/elementor-icons.min9e95.css]
[localhost/klajdi/click/wp-content/plugins/elementor/assets/lib/animations/animations.min5bf8.css]
[localhost/klajdi/click/wp-content/plugins/elementor/assets/css/frontend.min5bf8.css]
[localhost/klajdi/click/wp-content/uploads/sites/7/elementor/css/globalfa61.css]
[localhost/klajdi/click/wp-content/themes/spicepress/images/page-shadow.png]
[localhost/klajdi/click/wp-content/themes/spicepress/style5010.css]
[localhost/klajdi/click/wp-content/themes/certify/css/theme-menu5010.css]
[localhost/klajdi/click/wp-content/themes/certify/css/default5010.css]
[localhost/klajdi/click/wp-content/themes/certify/css/media-responsive5010.css]
[localhost/klajdi/click/wp-json/oembed/1.0/embed38ea.json]
[localhost/klajdi/click/wp-json/oembed/1.0/embedbeb8]
[localhost/klajdi/click/wp-content/plugins/spicebox/inc/spicepress/images/about/about.jpg]
[localhost/klajdi/click/wp-content/uploads/sites/7/2018/10/phone-x.png]
[localhost/klajdi/click/wp-content/uploads/sites/7/2018/10/armond.png]
[localhost/klajdi/click/wp-content/uploads/sites/7/2018/10/bastil.png]
[localhost/klajdi/click/wp-content/uploads/sites/7/2018/10/bolier.png]
[localhost/klajdi/click/wp-content/uploads/sites/7/2018/10/digit.png]
[localhost/klajdi/click/wp-content/uploads/sites/7/2018/10/darkside.png]
[localhost/klajdi/click/wp-content/uploads/sites/7/2018/10/fifthflour.png]
[localhost/klajdi/click/wp-content/uploads/sites/7/2018/10/Modal...png]
[localhost/klajdi/click/wp-content/uploads/sites/7/2018/10/madrin.png]
[localhost/klajdi/click/wp-content/plugins/elementor/assets/lib/jquery-numerator/jquery-numerator.min3958.js]
[localhost/klajdi/click/wp-includes/js/jquery/ui/position.mine899.js]
[localhost/klajdi/click/wp-content/plugins/elementor/assets/lib/dialog/dialog.min268f.js]
[localhost/klajdi/click/wp-content/plugins/elementor/assets/lib/waypoints/waypoints.min05da.js]
[localhost/klajdi/click/wp-content/plugins/elementor/assets/lib/swiper/swiper.jquery.mincb20.js]
[localhost/klajdi/click/wp-content/plugins/elementor/assets/js/frontend.min5bf8.js]
[localhost/klajdi/click/about/index.html]
[localhost/klajdi/click/wp-json/oembed/1.0/embed9d3f.json]
[localhost/klajdi/click/wp-json/oembed/1.0/embed896a]
[localhost/klajdi/click/wp-includes/js/underscore.min4511.js]
[localhost/klajdi/click/wp-includes/js/backbone.min9632.js]
[localhost/klajdi/click/wp-content/plugins/ninja-forms/assets/js/min/front-end-deps6dc0.js]
[localhost/klajdi/click/wp-content/plugins/ninja-forms/assets/js/min/front-end6dc0.js]
[localhost/klajdi/click/contact/index.html]
[localhost/klajdi/click/wp-json/oembed/1.0/embed05e6.json]
[localhost/klajdi/click/wp-json/oembed/1.0/embed6ca0]
[localhost/klajdi/click/portfolio/index.html]
[localhost/klajdi/click/wp-content/themes/spicepress/fonts/glyphicons-halflings-regular.svg]
[localhost/klajdi/click/wp-content/plugins/elementor/assets/lib/font-awesome/fonts/fontawesome-webfont3e6e.svg]
[localhost/klajdi/click/wp-content/themes/spicepress/css/owl.video.play.html]
[localhost/klajdi/click/wp-content/plugins/elementor/assets/lib/eicons/fonts/eicons1df9.svg]
[localhost/klajdi/click/wp-content/themes/spicepress/images/testimonial-bg.html]
[localhost/klajdi/click/wp-content/uploads/sites/7/elementor/css/post-17f1c2.css]
[localhost/klajdi/click/indexd8eb.html]
[localhost/klajdi/click/wp-content/uploads/sites/7/2018/10/top-cover.jpg]
[localhost/klajdi/click/wp-content/uploads/sites/7/elementor/css/post-200cc1.css]
[localhost/klajdi/click/index341b.html]
[localhost/klajdi/click/wp-content/plugins/ninja-forms/assets/img/help-info.png]
[localhost/klajdi/click/wp-content/plugins/ninja-forms/assets/css/display-structure5010.css]
[localhost/klajdi/click/wp-content/uploads/sites/7/elementor/css/post-212df1.css]
[localhost/klajdi/click/index3965.html]
[localhost/klajdi/click/wp-content/themes/images/callout-shadow.html]
