[backblue.gif]
[fade.gif]
[index.html]
[localhost/klajdi/feed/index.html]
[localhost/klajdi/comments/feed/index.html]
[localhost/klajdi/wp-includes/js/jquery/jqueryb8ff.js]
[localhost/klajdi/wp-includes/js/jquery/jquery-migrate.min330a.js]
[localhost/klajdi/wp-content/themes/spicepress/js/bootstrap.min5010.js]
[localhost/klajdi/wp-content/themes/spicepress/js/menu/menu5010.js]
[localhost/klajdi/wp-content/themes/spicepress/js/page-scroll5010.js]
[localhost/klajdi/wp-content/themes/certify/js/menu/menu5010.js]
[localhost/klajdi/xmlrpc0db0.php]
[localhost/klajdi/wp-json/index.html]
[localhost/klajdi/wp-includes/wlwmanifest.xml]
[localhost/klajdi/wp-json/oembed/1.0/embedce7d.json]
[localhost/klajdi/wp-json/oembed/1.0/embeda1a2]
[localhost/klajdi/wp-content/uploads/2018/10/cropped-digital-3.jpg]
[localhost/klajdi/wp-content/plugins/spicebox/inc/spicepress/images/slider/slider.jpg]
[localhost/klajdi/wp-content/uploads/2018/10/market-1.jpg]
[localhost/klajdi/wp-content/uploads/2018/10/analytics-1925495_1920.png]
[localhost/klajdi/wp-content/uploads/2018/10/true-agency-974117-unsplash.jpg]
[localhost/klajdi/wp-content/plugins/spicebox/inc/spicepress/images/testimonial/testimonial-bg.jpg]
[localhost/klajdi/wp-content/uploads/2018/10/klajdi-1.jpg]
[localhost/klajdi/wp-content/plugins/counter-number-showcase/assets/js/bootstrap5010.js]
[localhost/klajdi/wp-content/plugins/counter-number-showcase/assets/js/counter_nscript5010.js]
[localhost/klajdi/wp-content/plugins/counter-number-showcase/assets/js/waypoints.min5010.js]
[localhost/klajdi/wp-content/plugins/counter-number-showcase/assets/js/jquery.counterup.min5010.js]
[localhost/klajdi/wp-includes/js/underscore.min4511.js]
[localhost/klajdi/wp-includes/js/backbone.min9632.js]
[localhost/klajdi/wp-includes/js/api-request.min5010.js]
[localhost/klajdi/wp-includes/js/wp-api.min5010.js]
[localhost/klajdi/wp-includes/js/wp-embed.min5010.js]
[localhost/klajdi/wp-content/themes/spicepress/js/animation/animate5010.js]
[localhost/klajdi/index.html]
[localhost/klajdi/wp-content/themes/spicepress/js/animation/wow.min5010.js]
[localhost/klajdi/wp-content/plugins/counter-number-showcase/assets/css/font-awesome/fonts/fontawesome-webfont3e6e.eot]
[localhost/klajdi/wp-content/plugins/counter-number-showcase/assets/css/font-awesome/fonts/fontawesome-webfontd41d.eot]
[localhost/klajdi/wp-content/plugins/counter-number-showcase/assets/css/font-awesome/fonts/fontawesome-webfont3e6e.woff2]
[localhost/klajdi/wp-content/plugins/counter-number-showcase/assets/css/font-awesome/fonts/fontawesome-webfont3e6e.woff]
[localhost/klajdi/wp-content/plugins/counter-number-showcase/assets/css/font-awesome/fonts/fontawesome-webfont3e6e.ttf]
[localhost/klajdi/wp-content/plugins/counter-number-showcase/assets/css/font-awesome/css/font-awesome.min5010.css]
[localhost/klajdi/wp-content/plugins/counter-number-showcase/assets/css/bootstrap-front5010.css]
[localhost/klajdi/wp-content/plugins/counter-number-showcase/assets/css/counter-column5010.css]
[localhost/klajdi/wp-content/themes/spicepress/fonts/glyphicons-halflings-regular.eot]
[localhost/klajdi/wp-content/themes/spicepress/fonts/glyphicons-halflings-regulard41d.eot]
[localhost/klajdi/wp-content/themes/spicepress/fonts/glyphicons-halflings-regular.woff2]
[localhost/klajdi/wp-content/themes/spicepress/fonts/glyphicons-halflings-regular.woff]
[localhost/klajdi/wp-content/themes/spicepress/fonts/glyphicons-halflings-regular.ttf]
[localhost/klajdi/wp-content/themes/spicepress/css/bootstrap5010.css]
[localhost/klajdi/wp-content/themes/certify/style5010.css]
[localhost/klajdi/wp-content/themes/spicepress/images/slide-shadow.png]
[localhost/klajdi/wp-content/themes/spicepress/css/default5010.css]
[localhost/klajdi/wp-content/themes/spicepress/css/theme-menu5010.css]
[localhost/klajdi/wp-content/themes/spicepress/css/animate.min5010.css]
[localhost/klajdi/wp-content/plugins/elementor/assets/lib/font-awesome/fonts/fontawesome-webfont3e6e.eot]
[localhost/klajdi/wp-content/plugins/elementor/assets/lib/font-awesome/fonts/fontawesome-webfontd41d.eot]
[localhost/klajdi/wp-content/plugins/elementor/assets/lib/font-awesome/fonts/fontawesome-webfont3e6e.woff2]
[localhost/klajdi/wp-content/plugins/elementor/assets/lib/font-awesome/fonts/fontawesome-webfont3e6e.woff]
[localhost/klajdi/wp-content/plugins/elementor/assets/lib/font-awesome/fonts/fontawesome-webfont3e6e.ttf]
[localhost/klajdi/wp-content/plugins/elementor/assets/lib/font-awesome/css/font-awesome.min1849.css]
[localhost/klajdi/wp-content/themes/spicepress/css/media-responsive5010.css]
[localhost/klajdi/wp-content/themes/spicepress/css/owl.carousel5010.css]
[localhost/klajdi/wp-content/plugins/elementor/assets/lib/eicons/fonts/eicons1df9.eot]
[localhost/klajdi/wp-content/plugins/elementor/assets/lib/eicons/fonts/eicons1df9.woff2]
[localhost/klajdi/wp-content/plugins/elementor/assets/lib/eicons/fonts/eicons1df9.woff]
[localhost/klajdi/wp-content/plugins/elementor/assets/lib/eicons/fonts/eicons1df9.ttf]
[localhost/klajdi/wp-content/plugins/elementor/assets/lib/eicons/css/elementor-icons.min9e95.css]
[localhost/klajdi/wp-content/plugins/elementor/assets/lib/animations/animations.min5bf8.css]
[localhost/klajdi/wp-content/plugins/elementor/assets/css/frontend.min5bf8.css]
[localhost/klajdi/wp-content/uploads/elementor/css/global7ed1.css]
[localhost/klajdi/wp-content/themes/spicepress/images/page-shadow.png]
[localhost/klajdi/wp-content/themes/spicepress/style5010.css]
[localhost/klajdi/wp-content/themes/certify/css/theme-menu5010.css]
[localhost/klajdi/wp-content/themes/certify/css/default5010.css]
[localhost/klajdi/wp-content/themes/certify/css/media-responsive5010.css]
[localhost/klajdi/wp-content/plugins/wp-google-maps/wpgmza_data5010.js]
[localhost/klajdi/wp-json/oembed/1.0/embed4f83.json]
[localhost/klajdi/wp-json/oembed/1.0/embed68ce]
[localhost/klajdi/wp-content/plugins/spicebox/inc/spicepress/images/about/about.jpg]
[localhost/klajdi/wp-content/plugins/elementor/assets/lib/jquery-numerator/jquery-numerator.min3958.js]
[localhost/klajdi/wp-includes/js/jquery/ui/position.mine899.js]
[localhost/klajdi/wp-content/plugins/elementor/assets/lib/dialog/dialog.min268f.js]
[localhost/klajdi/wp-content/plugins/elementor/assets/lib/waypoints/waypoints.min05da.js]
[localhost/klajdi/wp-content/plugins/elementor/assets/lib/swiper/swiper.jquery.mincb20.js]
[localhost/klajdi/wp-content/plugins/elementor/assets/js/frontend.min5bf8.js]
[localhost/klajdi/about/index.html]
[localhost/klajdi/wp-json/oembed/1.0/embedecfc.json]
[localhost/klajdi/wp-json/oembed/1.0/embed4f2b]
[localhost/klajdi/wp-content/plugins/ninja-forms/assets/js/min/front-end-deps6dc0.js]
[localhost/klajdi/wp-content/plugins/ninja-forms/assets/js/min/front-end6dc0.js]
[localhost/klajdi/contact/index.html]
[localhost/klajdi/wp-json/oembed/1.0/embedee78.json]
[localhost/klajdi/wp-json/oembed/1.0/embedc5ad]
[localhost/klajdi/wp-content/plugins/smart-slider-3/nextend/media/dist/n2.mincc07.js]
[localhost/klajdi/wp-content/plugins/smart-slider-3/nextend/media/dist/nextend-frontend.mincc07.js]
[localhost/klajdi/wp-content/plugins/smart-slider-3/library/media/dist/smartslider-frontend.min8ad2.js]
[localhost/klajdi/wp-content/plugins/smart-slider-3/library/media/plugins/type/simple/simple/dist/smartslider-simple-type-frontend.min8ad2.js]
[localhost/klajdi/wp-content/plugins/smart-slider-3/library/media/plugins/type/simple/simple/dist/smartslider-backgroundanimation.min8ad2.js]
[localhost/klajdi/wp-content/plugins/smart-slider-3/nextend/media/dist/nextend-webfontloader.mincc07.js]
[smartslider3.com/sample/programmer.jpg]
[localhost/klajdi/wp-content/uploads/2018/10/course_feature_PDDM_update.jpg]
[smartslider3.com/sample/photographer.jpg]
[localhost/klajdi/wp-content/uploads/2018/10/ava2.png]
[localhost/klajdi/wp-content/uploads/2018/10/y10.png]
[localhost/klajdi/portfolio/index.html]
[localhost/klajdi/wp-content/plugins/counter-number-showcase/assets/css/font-awesome/fonts/fontawesome-webfont3e6e.svg]
[localhost/klajdi/wp-content/themes/spicepress/fonts/glyphicons-halflings-regular.svg]
[localhost/klajdi/wp-content/plugins/elementor/assets/lib/font-awesome/fonts/fontawesome-webfont3e6e.svg]
[localhost/klajdi/wp-content/themes/spicepress/css/owl.video.play.html]
[localhost/klajdi/wp-content/plugins/elementor/assets/lib/eicons/fonts/eicons1df9.svg]
[localhost/klajdi/wp-content/themes/spicepress/images/testimonial-bg.html]
[localhost/klajdi/wp-content/uploads/elementor/css/post-227f4d.css]
[localhost/klajdi/index0345.html]
[localhost/klajdi/index970c.html]
[localhost/klajdi/wp-includes/fonts/dashicons.eot]
[localhost/klajdi/wp-includes/css/dashicons.min5010.css]
[localhost/klajdi/wp-content/plugins/ninja-forms/assets/img/help-info.png]
[localhost/klajdi/wp-content/plugins/ninja-forms/assets/css/display-structure5010.css]
[localhost/klajdi/wp-content/uploads/elementor/css/post-263a89.css]
[localhost/klajdi/wp-content/plugins/smart-slider-3/library/media/smartslider.min8ad2.css]
[localhost/klajdi/index88b9.html]
[localhost/klajdi/wp-content/themes/images/callout-shadow.html]
